M5-FITS/processed/v1/data_train_WI_3_FOODS_2.csv
,d,sales,tm_w_end,tm_dw,tm_wm,tm_m,tm_w,sell_price,snap_count,is_event,date
1079,1080,558.0,1,6,2,1,2,4.18906,2,0,2014-01-12
1080,1081,340.0,0,0,2,1,3,4.18906,1,0,2014-01-13
1081,1082,397.0,0,1,2,1,3,4.18906,1,0,2014-01-14
1082,1083,425.0,0,2,3,1,3,4.18906,2,0,2014-01-15
1083,1084,386.0,0,3,3,1,3,4.18906,0,0,2014-01-16
1084,1085,342.0,0,4,3,1,3,4.18906,0,0,2014-01-17
1085,1086,374.0,1,5,3,1,3,4.1867256,0,0,2014-01-18
1086,1087,413.0,1,6,3,1,3,4.1867256,0,0,2014-01-19
1087,1088,304.0,0,0,3,1,4,4.1867256,0,1,2014-01-20
1088,1089,274.0,0,1,3,1,4,4.1867256,0,0,2014-01-21
1089,1090,220.0,0,2,4,1,4,4.1867256,0,0,2014-01-22
1090,1091,173.0,0,3,4,1,4,4.1867256,0,0,2014-01-23
1091,1092,242.0,0,4,4,1,4,4.1867256,0,0,2014-01-24
1092,1093,332.0,1,5,4,1,4,4.183723,0,0,2014-01-25
1093,1094,316.0,1,6,4,1,4,4.183723,0,0,2014-01-26
1094,1095,215.0,0,0,4,1,5,4.183723,0,0,2014-01-27
1095,1096,157.0,0,1,4,1,5,4.183723,0,0,2014-01-28
1096,1097,186.0,0,2,5,1,5,4.183723,0,0,2014-01-29
1097,1098,191.0,0,3,5,1,5,4.183723,0,0,2014-01-30
1098,1099,303.0,0,4,5,1,5,4.183723,0,0,2014-01-31
1099,1100,241.0,1,5,1,2,5,4.1955056,2,0,2014-02-01
1100,1101,447.0,1,6,1,2,5,4.1955056,2,1,2014-02-02
1101,1102,463.0,0,0,1,2,6,4.1955056,3,0,2014-02-03
1102,1103,324.0,0,1,1,2,6,4.1955056,1,0,2014-02-04
1103,1104,318.0,0,2,1,2,6,4.1955056,3,0,2014-02-05
1104,1105,341.0,0,3,1,2,6,4.1955056,3,0,2014-02-06
1105,1106,302.0,0,4,1,2,6,4.1955056,2,0,2014-02-07
1106,1107,456.0,1,5,2,2,6,4.1935925,2,0,2014-02-08
1107,1108,530.0,1,6,2,2,6,4.1935925,3,0,2014-02-09
1108,1109,380.0,0,0,2,2,7,4.1935925,1,0,2014-02-10
1109,1110,370.0,0,1,2,2,7,4.1935925,2,0,2014-02-11
1110,1111,455.0,0,2,2,2,7,4.1935925,2,0,2014-02-12
1111,1112,348.0,0,3,2,2,7,4.1935925,1,0,2014-02-13
1112,1113,350.0,0,4,2,2,7,4.1935925,1,1,2014-02-14
1113,1114,527.0,1,5,3,2,7,4.203194,2,0,2014-02-15
1114,1115,592.0,1,6,3,2,7,4.203194,0,0,2014-02-16
1115,1116,226.0,0,0,3,2,8,4.203194,0,1,2014-02-17
1116,1117,373.0,0,1,3,2,8,4.203194,0,0,2014-02-18
1117,1118,297.0,0,2,3,2,8,4.203194,0,0,2014-02-19
1118,1119,261.0,0,3,3,2,8,4.203194,0,0,2014-02-20
1119,1120,265.0,0,4,3,2,8,4.203194,0,0,2014-02-21
1120,1121,385.0,1,5,4,2,8,4.2047496,0,0,2014-02-22
1121,1122,429.0,1,6,4,2,8,4.2047496,0,0,2014-02-23
1122,1123,302.0,0,0,4,2,9,4.2047496,0,0,2014-02-24
1123,1124,310.0,0,1,4,2,9,4.2047496,0,0,2014-02-25
1124,1125,249.0,0,2,4,2,9,4.2047496,0,0,2014-02-26
1125,1126,218.0,0,3,4,2,9,4.2047496,0,0,2014-02-27
1126,1127,317.0,0,4,4,2,9,4.2047496,0,0,2014-02-28
1127,1128,331.0,1,5,1,3,9,4.1995225,2,0,2014-03-01
1128,1129,464.0,1,6,1,3,9,4.1995225,2,0,2014-03-02
1129,1130,437.0,0,0,1,3,10,4.1995225,3,0,2014-03-03
1130,1131,311.0,0,1,1,3,10,4.1995225,1,0,2014-03-04
1131,1132,351.0,0,2,1,3,10,4.1995225,3,1,2014-03-05
1132,1133,384.0,0,3,1,3,10,4.1995225,3,0,2014-03-06
1133,1134,404.0,0,4,1,3,10,4.1995225,2,0,2014-03-07
1134,1135,430.0,1,5,2,3,10,4.197363,2,0,2014-03-08
1135,1136,479.0,1,6,2,3,10,4.197363,3,0,2014-03-09
1136,1137,366.0,0,0,2,3,11,4.197363,1,0,2014-03-10
1137,1138,435.0,0,1,2,3,11,4.197363,2,0,2014-03-11
1138,1139,391.0,0,2,2,3,11,4.197363,2,1,2014-03-12
1139,1140,297.0,0,3,2,3,11,4.197363,1,0,2014-03-13
1140,1141,426.0,0,4,2,3,11,4.197363,1,0,2014-03-14
1141,1142,451.0,1,5,3,3,11,4.189357,2,0,2014-03-15
1142,1143,491.0,1,6,3,3,11,4.189357,0,1,2014-03-16
1143,1144,270.0,0,0,3,3,12,4.189357,0,1,2014-03-17
1144,1145,306.0,0,1,3,3,12,4.189357,0,0,2014-03-18
1145,1146,255.0,0,2,3,3,12,4.189357,0,0,2014-03-19
1146,1147,226.0,0,3,3,3,12,4.189357,0,0,2014-03-20
1147,1148,238.0,0,4,3,3,12,4.189357,0,0,2014-03-21
1148,1149,259.0,1,5,4,3,12,4.182951,0,0,2014-03-22
1149,1150,389.0,1,6,4,3,12,4.182951,0,0,2014-03-23
1150,1151,205.0,0,0,4,3,13,4.182951,0,0,2014-03-24
1151,1152,230.0,0,1,4,3,13,4.182951,0,0,2014-03-25
1152,1153,251.0,0,2,4,3,13,4.182951,0,0,2014-03-26
1153,1154,212.0,0,3,4,3,13,4.182951,0,0,2014-03-27
1154,1155,276.0,0,4,4,3,13,4.182951,0,0,2014-03-28
1155,1156,299.0,1,5,5,3,13,4.158124,0,0,2014-03-29
1156,1157,288.0,1,6,5,3,13,4.158124,0,0,2014-03-30
1157,1158,222.0,0,0,5,3,14,4.158124,0,0,2014-03-31
1158,1159,253.0,0,1,1,4,14,4.158124,2,0,2014-04-01
1159,1160,332.0,0,2,1,4,14,4.158124,2,0,2014-04-02
1160,1161,415.0,0,3,1,4,14,4.158124,3,0,2014-04-03
1161,1162,293.0,0,4,1,4,14,4.158124,1,0,2014-04-04
1162,1163,425.0,1,5,1,4,14,4.157443,3,0,2014-04-05
1163,1164,504.0,1,6,1,4,14,4.157443,3,0,2014-04-06
1164,1165,327.0,0,0,1,4,15,4.157443,2,0,2014-04-07
1165,1166,360.0,0,1,2,4,15,4.157443,2,0,2014-04-08
1166,1167,356.0,0,2,2,4,15,4.157443,3,0,2014-04-09
1167,1168,230.0,0,3,2,4,15,4.157443,1,0,2014-04-10
1168,1169,380.0,0,4,2,4,15,4.157443,2,0,2014-04-11
1169,1170,494.0,1,5,2,4,15,4.150094,2,0,2014-04-12
1170,1171,408.0,1,6,2,4,15,4.150094,1,0,2014-04-13
1171,1172,436.0,0,0,2,4,16,4.150094,1,0,2014-04-14
1172,1173,452.0,0,1,3,4,16,4.150094,2,0,2014-04-15
1173,1174,292.0,0,2,3,4,16,4.150094,0,0,2014-04-16
1174,1175,282.0,0,3,3,4,16,4.150094,0,0,2014-04-17
1175,1176,297.0,0,4,3,4,16,4.150094,0,0,2014-04-18
1176,1177,311.0,1,5,3,4,16,4.120755,0,0,2014-04-19
1177,1178,255.0,1,6,3,4,16,4.120755,0,2,2014-04-20
1178,1179,263.0,0,0,3,4,17,4.120755,0,0,2014-04-21
1179,1180,262.0,0,1,4,4,17,4.120755,0,1,2014-04-22
1180,1181,244.0,0,2,4,4,17,4.120755,0,0,2014-04-23
1181,1182,240.0,0,3,4,4,17,4.120755,0,0,2014-04-24
1182,1183,224.0,0,4,4,4,17,4.120755,0,0,2014-04-25
1183,1184,377.0,1,5,4,4,17,4.1033897,0,0,2014-04-26
1184,1185,319.0,1,6,4,4,17,4.1033897,0,0,2014-04-27
1185,1186,211.0,0,0,4,4,18,4.1033897,0,0,2014-04-28
1186,1187,224.0,0,1,5,4,18,4.1033897,0,0,2014-04-29
1187,1188,208.0,0,2,5,4,18,4.1033897,0,0,2014-04-30
1188,1189,223.0,0,3,1,5,18,4.1033897,2,0,2014-05-01
1189,1190,362.0,0,4,1,5,18,4.1033897,2,0,2014-05-02
1190,1191,483.0,1,5,1,5,18,4.1080875,3,0,2014-05-03
1191,1192,453.0,1,6,1,5,18,4.1080875,1,0,2014-05-04
1192,1193,347.0,0,0,1,5,19,4.1080875,3,1,2014-05-05
1193,1194,346.0,0,1,1,5,19,4.1080875,3,0,2014-05-06
1194,1195,290.0,0,2,1,5,19,4.1080875,2,0,2014-05-07
1195,1196,305.0,0,3,2,5,19,4.1080875,2,0,2014-05-08
1196,1197,422.0,0,4,2,5,19,4.1080875,3,0,2014-05-09
1197,1198,351.0,1,5,2,5,19,4.1072206,1,0,2014-05-10
1198,1199,328.0,1,6,2,5,19,4.1072206,2,1,2014-05-11
1199,1200,521.0,0,0,2,5,20,4.1072206,2,0,2014-05-12
1200,1201,318.0,0,1,2,5,20,4.1072206,1,0,2014-05-13
1201,1202,375.0,0,2,2,5,20,4.1072206,1,0,2014-05-14
1202,1203,401.0,0,3,3,5,20,4.1072206,2,0,2014-05-15
1203,1204,400.0,0,4,3,5,20,4.1072206,0,0,2014-05-16
1204,1205,345.0,1,5,3,5,20,4.1103706,0,0,2014-05-17
1205,1206,297.0,1,6,3,5,20,4.1103706,0,0,2014-05-18
1206,1207,221.0,0,0,3,5,21,4.1103706,0,0,2014-05-19
1207,1208,179.0,0,1,3,5,21,4.1103706,0,0,2014-05-20
1208,1209,146.0,0,2,3,5,21,4.1103706,0,0,2014-05-21
1209,1210,215.0,0,3,4,5,21,4.1103706,0,0,2014-05-22
1210,1211,282.0,0,4,4,5,21,4.1103706,0,0,2014-05-23
1211,1212,251.0,1,5,4,5,21,4.1103706,0,0,2014-05-24
1212,1213,225.0,1,6,4,5,21,4.1103706,0,0,2014-05-25
1213,1214,221.0,0,0,4,5,22,4.1103706,0,1,2014-05-26
1214,1215,241.0,0,1,4,5,22,4.1103706,0,0,2014-05-27
1215,1216,223.0,0,2,4,5,22,4.1103706,0,0,2014-05-28
1216,1217,148.0,0,3,5,5,22,4.1103706,0,0,2014-05-29
1217,1218,187.0,0,4,5,5,22,4.1103706,0,0,2014-05-30
1218,1219,228.0,1,5,5,5,22,4.113102,0,0,2014-05-31
1219,1220,305.0,1,6,1,6,22,4.113102,2,0,2014-06-01
1220,1221,385.0,0,0,1,6,23,4.113102,2,0,2014-06-02
1221,1222,338.0,0,1,1,6,23,4.113102,3,0,2014-06-03
1222,1223,275.0,0,2,1,6,23,4.113102,1,0,2014-06-04
1223,1224,353.0,0,3,1,6,23,4.113102,3,1,2014-06-05
1224,1225,317.0,0,4,1,6,23,4.113102,3,0,2014-06-06
1225,1226,315.0,1,5,1,6,23,4.1146126,2,0,2014-06-07
1226,1227,451.0,1,6,2,6,23,4.1146126,2,0,2014-06-08
1227,1228,385.0,0,0,2,6,24,4.1146126,3,0,2014-06-09
1228,1229,270.0,0,1,2,6,24,4.1146126,1,0,2014-06-10
1229,1230,387.0,0,2,2,6,24,4.1146126,2,0,2014-06-11
1230,1231,404.0,0,3,2,6,24,4.1146126,2,0,2014-06-12
1231,1232,291.0,0,4,2,6,24,4.1146126,1,0,2014-06-13
1232,1233,397.0,1,5,2,6,24,4.1175284,1,0,2014-06-14
1233,1234,440.0,1,6,3,6,24,4.1175284,2,2,2014-06-15
1234,1235,355.0,0,0,3,6,25,4.1175284,0,0,2014-06-16
1235,1236,235.0,0,1,3,6,25,4.1175284,0,0,2014-06-17
1236,1237,253.0,0,2,3,6,25,4.1175284,0,0,2014-06-18
1237,1238,258.0,0,3,3,6,25,4.1175284,0,0,2014-06-19
1238,1239,208.0,0,4,3,6,25,4.1175284,0,0,2014-06-20
1239,1240,247.0,1,5,3,6,25,4.1287613,0,0,2014-06-21
1240,1241,315.0,1,6,4,6,25,4.1287613,0,0,2014-06-22
1241,1242,278.0,0,0,4,6,26,4.1287613,0,0,2014-06-23
1242,1243,236.0,0,1,4,6,26,4.1287613,0,0,2014-06-24
1243,1244,194.0,0,2,4,6,26,4.1287613,0,0,2014-06-25
1244,1245,173.0,0,3,4,6,26,4.1287613,0,0,2014-06-26
1245,1246,211.0,0,4,4,6,26,4.1287613,0,0,2014-06-27
1246,1247,202.0,1,5,4,6,26,4.1464357,0,0,2014-06-28
1247,1248,217.0,1,6,5,6,26,4.1464357,0,1,2014-06-29
1248,1249,222.0,0,0,5,6,27,4.1464357,0,0,2014-06-30
1249,1250,231.0,0,1,1,7,27,4.1464357,2,0,2014-07-01
1250,1251,357.0,0,2,1,7,27,4.1464357,2,0,2014-07-02
1251,1252,328.0,0,3,1,7,27,4.1464357,3,0,2014-07-03
1252,1253,209.0,0,4,1,7,27,4.1464357,1,1,2014-07-04
1253,1254,384.0,1,5,1,7,27,4.1691236,3,0,2014-07-05
1254,1255,393.0,1,6,1,7,27,4.1691236,3,0,2014-07-06
1255,1256,221.0,0,0,1,7,28,4.1691236,2,0,2014-07-07
1256,1257,352.0,0,1,2,7,28,4.1691236,2,0,2014-07-08
1257,1258,388.0,0,2,2,7,28,4.1691236,3,0,2014-07-09
1258,1259,282.0,0,3,2,7,28,4.1691236,1,0,2014-07-10
1259,1260,321.0,0,4,2,7,28,4.1691236,2,0,2014-07-11
1260,1261,409.0,1,5,2,7,28,4.1880236,2,0,2014-07-12
1261,1262,293.0,1,6,2,7,28,4.1880236,1,0,2014-07-13
1262,1263,306.0,0,0,2,7,29,4.1880236,1,0,2014-07-14
1263,1264,398.0,0,1,3,7,29,4.1880236,2,0,2014-07-15
1264,1265,291.0,0,2,3,7,29,4.1880236,0,0,2014-07-16
1265,1266,237.0,0,3,3,7,29,4.1880236,0,0,2014-07-17
1266,1267,223.0,0,4,3,7,29,4.1880236,0,0,2014-07-18
1267,1268,298.0,1,5,3,7,29,4.1802344,0,0,2014-07-19
1268,1269,300.0,1,6,3,7,29,4.1802344,0,0,2014-07-20
1269,1270,193.0,0,0,3,7,30,4.1802344,0,0,2014-07-21
1270,1271,222.0,0,1,4,7,30,4.1802344,0,0,2014-07-22
1271,1272,154.0,0,2,4,7,30,4.1802344,0,0,2014-07-23
1272,1273,165.0,0,3,4,7,30,4.1802344,0,0,2014-07-24
1273,1274,179.0,0,4,4,7,30,4.1802344,0,0,2014-07-25
1274,1275,228.0,1,5,4,7,30,4.18616,0,0,2014-07-26
1275,1276,296.0,1,6,4,7,30,4.18616,0,0,2014-07-27
1276,1277,220.0,0,0,4,7,31,4.18616,0,0,2014-07-28
1277,1278,196.0,0,1,5,7,31,4.18616,0,1,2014-07-29
1278,1279,189.0,0,2,5,7,31,4.18616,0,0,2014-07-30
1279,1280,172.0,0,3,5,7,31,4.18616,0,0,2014-07-31
1280,1281,289.0,0,4,1,8,31,4.18616,2,0,2014-08-01
1281,1282,434.0,1,5,1,8,31,4.1925583,2,0,2014-08-02
1282,1283,522.0,1,6,1,8,31,4.1925583,3,0,2014-08-03
1283,1284,379.0,0,0,1,8,32,4.1925583,1,0,2014-08-04
1284,1285,332.0,0,1,1,8,32,4.1925583,3,0,2014-08-05
1285,1286,360.0,0,2,1,8,32,4.1925583,3,0,2014-08-06
1286,1287,275.0,0,3,1,8,32,4.1925583,2,0,2014-08-07
1287,1288,327.0,0,4,2,8,32,4.1925583,2,0,2014-08-08
1288,1289,457.0,1,5,2,8,32,4.1894,3,0,2014-08-09
1289,1290,350.0,1,6,2,8,32,4.1894,1,0,2014-08-10
1290,1291,397.0,0,0,2,8,33,4.1894,2,0,2014-08-11
1291,1292,443.0,0,1,2,8,33,4.1894,2,0,2014-08-12
1292,1293,293.0,0,2,2,8,33,4.1894,1,0,2014-08-13
1293,1294,325.0,0,3,2,8,33,4.1894,1,0,2014-08-14
1294,1295,358.0,0,4,3,8,33,4.1894,2,0,2014-08-15
1295,1296,334.0,1,5,3,8,33,4.169379,0,0,2014-08-16
1296,1297,389.0,1,6,3,8,33,4.169379,0,0,2014-08-17
1297,1298,299.0,0,0,3,8,34,4.169379,0,0,2014-08-18
1298,1299,296.0,0,1,3,8,34,4.169379,0,0,2014-08-19
1299,1300,281.0,0,2,3,8,34,4.169379,0,0,2014-08-20
1300,1301,306.0,0,3,3,8,34,4.169379,0,0,2014-08-21
1301,1302,276.0,0,4,4,8,34,4.169379,0,0,2014-08-22
1302,1303,335.0,1,5,4,8,34,4.1690373,0,0,2014-08-23
1303,1304,329.0,1,6,4,8,34,4.1690373,0,0,2014-08-24
1304,1305,279.0,0,0,4,8,35,4.1690373,0,0,2014-08-25
1305,1306,258.0,0,1,4,8,35,4.1690373,0,0,2014-08-26
1306,1307,202.0,0,2,4,8,35,4.1690373,0,0,2014-08-27
1307,1308,177.0,0,3,4,8,35,4.1690373,0,0,2014-08-28
1308,1309,267.0,0,4,5,8,35,4.1690373,0,0,2014-08-29
1309,1310,268.0,1,5,5,8,35,4.177772,0,0,2014-08-30
1310,1311,277.0,1,6,5,8,35,4.177772,0,0,2014-08-31
1311,1312,237.0,0,0,1,9,36,4.177772,2,1,2014-09-01
1312,1313,339.0,0,1,1,9,36,4.177772,2,0,2014-09-02
1313,1314,436.0,0,2,1,9,36,4.177772,3,0,2014-09-03
1314,1315,223.0,0,3,1,9,36,4.177772,1,0,2014-09-04
1315,1316,338.0,0,4,1,9,36,4.177772,3,0,2014-09-05
1316,1317,397.0,1,5,1,9,36,4.1741333,3,0,2014-09-06
1317,1318,344.0,1,6,1,9,36,4.1741333,2,0,2014-09-07
1318,1319,332.0,0,0,2,9,37,4.1741333,2,0,2014-09-08
1319,1320,381.0,0,1,2,9,37,4.1741333,3,0,2014-09-09
1320,1321,238.0,0,2,2,9,37,4.1741333,1,0,2014-09-10
1321,1322,361.0,0,3,2,9,37,4.1741333,2,0,2014-09-11
1322,1323,455.0,0,4,2,9,37,4.1741333,2,0,2014-09-12
1323,1324,435.0,1,5,2,9,37,4.1630564,1,0,2014-09-13
1324,1325,535.0,1,6,2,9,37,4.1630564,1,0,2014-09-14
1325,1326,480.0,0,0,3,9,38,4.1630564,2,0,2014-09-15
1326,1327,257.0,0,1,3,9,38,4.1630564,0,0,2014-09-16
1327,1328,227.0,0,2,3,9,38,4.1630564,0,0,2014-09-17
1328,1329,267.0,0,3,3,9,38,4.1630564,0,0,2014-09-18
1329,1330,293.0,0,4,3,9,38,4.1630564,0,0,2014-09-19
1330,1331,277.0,1,5,3,9,38,4.1661496,0,0,2014-09-20
1331,1332,306.0,1,6,3,9,38,4.1661496,0,0,2014-09-21
1332,1333,217.0,0,0,4,9,39,4.1661496,0,0,2014-09-22
1333,1334,178.0,0,1,4,9,39,4.1661496,0,0,2014-09-23
1334,1335,224.0,0,2,4,9,39,4.1661496,0,0,2014-09-24
1335,1336,199.0,0,3,4,9,39,4.1661496,0,0,2014-09-25
1336,1337,234.0,0,4,4,9,39,4.1661496,0,0,2014-09-26
1337,1338,259.0,1,5,4,9,39,4.1688523,0,0,2014-09-27
1338,1339,329.0,1,6,4,9,39,4.1688523,0,0,2014-09-28
1339,1340,196.0,0,0,5,9,40,4.1688523,0,0,2014-09-29
1340,1341,272.0,0,1,5,9,40,4.1688523,0,0,2014-09-30
1341,1342,261.0,0,2,1,10,40,4.1688523,2,0,2014-10-01
1342,1343,285.0,0,3,1,10,40,4.1688523,2,0,2014-10-02
1343,1344,402.0,0,4,1,10,40,4.1688523,3,0,2014-10-03
1344,1345,497.0,1,5,1,10,40,4.156607,1,1,2014-10-04
1345,1346,566.0,1,6,1,10,40,4.156607,3,0,2014-10-05
1346,1347,363.0,0,0,1,10,41,4.156607,3,0,2014-10-06
1347,1348,303.0,0,1,1,10,41,4.156607,2,0,2014-10-07
1348,1349,391.0,0,2,2,10,41,4.156607,2,0,2014-10-08
1349,1350,376.0,0,3,2,10,41,4.156607,3,0,2014-10-09
1350,1351,302.0,0,4,2,10,41,4.156607,1,0,2014-10-10
1351,1352,444.0,1,5,2,10,41,4.2105336,2,0,2014-10-11
1352,1353,636.0,1,6,2,10,41,4.2105336,2,0,2014-10-12
1353,1354,286.0,0,0,2,10,42,4.2105336,1,1,2014-10-13
1354,1355,406.0,0,1,2,10,42,4.2105336,1,0,2014-10-14
1355,1356,431.0,0,2,3,10,42,4.2105336,2,0,2014-10-15
1356,1357,310.0,0,3,3,10,42,4.2105336,0,0,2014-10-16
1357,1358,351.0,0,4,3,10,42,4.2105336,0,0,2014-10-17
1358,1359,352.0,1,5,3,10,42,4.21246,0,0,2014-10-18
1359,1360,375.0,1,6,3,10,42,4.21246,0,0,2014-10-19
1360,1361,296.0,0,0,3,10,43,4.21246,0,0,2014-10-20
1361,1362,251.0,0,1,3,10,43,4.21246,0,0,2014-10-21
1362,1363,262.0,0,2,4,10,43,4.21246,0,0,2014-10-22
1363,1364,232.0,0,3,4,10,43,4.21246,0,0,2014-10-23
1364,1365,204.0,0,4,4,10,43,4.21246,0,0,2014-10-24
1365,1366,331.0,1,5,4,10,43,4.216738,0,0,2014-10-25
1366,1367,335.0,1,6,4,10,43,4.216738,0,0,2014-10-26
1367,1368,209.0,0,0,4,10,44,4.216738,0,0,2014-10-27
1368,1369,231.0,0,1,4,10,44,4.216738,0,0,2014-10-28
1369,1370,198.0,0,2,5,10,44,4.216738,0,0,2014-10-29
1370,1371,214.0,0,3,5,10,44,4.216738,0,0,2014-10-30
1371,1372,235.0,0,4,5,10,44,4.216738,0,1,2014-10-31
1372,1373,367.0,1,5,1,11,44,4.216247,2,0,2014-11-01
1373,1374,475.0,1,6,1,11,44,4.216247,2,0,2014-11-02
1374,1375,496.0,0,0,1,11,45,4.216247,3,0,2014-11-03
1375,1376,320.0,0,1,1,11,45,4.216247,1,0,2014-11-04
1376,1377,325.0,0,2,1,11,45,4.216247,3,0,2014-11-05
1377,1378,453.0,0,3,1,11,45,4.216247,3,0,2014-11-06
1378,1379,277.0,0,4,1,11,45,4.216247,2,0,2014-11-07
1379,1380,503.0,1,5,2,11,45,4.2189617,2,0,2014-11-08
1380,1381,577.0,1,6,2,11,45,4.2189617,3,0,2014-11-09
1381,1382,357.0,0,0,2,11,46,4.2189617,1,0,2014-11-10
1382,1383,391.0,0,1,2,11,46,4.2189617,2,1,2014-11-11
1383,1384,406.0,0,2,2,11,46,4.2189617,2,0,2014-11-12
1384,1385,331.0,0,3,2,11,46,4.2189617,1,0,2014-11-13
1385,1386,515.0,0,4,2,11,46,4.2189617,1,0,2014-11-14
1386,1387,591.0,1,5,3,11,46,4.2228003,2,0,2014-11-15
1387,1388,514.0,1,6,3,11,46,4.2228003,0,0,2014-11-16
1388,1389,407.0,0,0,3,11,47,4.2228003,0,0,2014-11-17
1389,1390,246.0,0,1,3,11,47,4.2228003,0,0,2014-11-18
1390,1391,257.0,0,2,3,11,47,4.2228003,0,0,2014-11-19
1391,1392,316.0,0,3,3,11,47,4.2228003,0,0,2014-11-20
1392,1393,350.0,0,4,3,11,47,4.2228003,0,0,2014-11-21
1393,1394,398.0,1,5,4,11,47,4.219558,0,0,2014-11-22
1394,1395,399.0,1,6,4,11,47,4.219558,0,0,2014-11-23
1395,1396,251.0,0,0,4,11,48,4.219558,0,0,2014-11-24
1396,1397,302.0,0,1,4,11,48,4.219558,0,0,2014-11-25
1397,1398,314.0,0,2,4,11,48,4.219558,0,0,2014-11-26
1398,1399,145.0,0,3,4,11,48,4.219558,0,1,2014-11-27
1399,1400,174.0,0,4,4,11,48,4.219558,0,0,2014-11-28
1400,1401,306.0,1,5,5,11,48,4.22107,0,0,2014-11-29
1401,1402,336.0,1,6,5,11,48,4.22107,0,0,2014-11-30
1402,1403,248.0,0,0,1,12,49,4.22107,2,0,2014-12-01
1403,1404,455.0,0,1,1,12,49,4.22107,2,0,2014-12-02
1404,1405,410.0,0,2,1,12,49,4.22107,3,0,2014-12-03
1405,1406,354.0,0,3,1,12,49,4.22107,1,0,2014-12-04
1406,1407,374.0,0,4,1,12,49,4.22107,3,0,2014-12-05
1407,1408,486.0,1,5,1,12,49,4.2214255,3,0,2014-12-06
1408,1409,511.0,1,6,1,12,49,4.2214255,2,0,2014-12-07
1409,1410,457.0,0,0,2,12,50,4.2214255,2,0,2014-12-08
1410,1411,367.0,0,1,2,12,50,4.2214255,3,0,2014-12-09
1411,1412,332.0,0,2,2,12,50,4.2214255,1,0,2014-12-10
1412,1413,444.0,0,3,2,12,50,4.2214255,2,0,2014-12-11
1413,1414,385.0,0,4,2,12,50,4.2214255,2,0,2014-12-12
1414,1415,357.0,1,5,2,12,50,4.2250514,1,0,2014-12-13
1415,1416,543.0,1,6,2,12,50,4.2250514,1,0,2014-12-14
1416,1417,494.0,0,0,3,12,51,4.2250514,2,0,2014-12-15
1417,1418,380.0,0,1,3,12,51,4.2250514,0,0,2014-12-16
1418,1419,303.0,0,2,3,12,51,4.2250514,0,0,2014-12-17
1419,1420,310.0,0,3,3,12,51,4.2250514,0,0,2014-12-18
1420,1421,232.0,0,4,3,12,51,4.2250514,0,0,2014-12-19
1421,1422,321.0,1,5,3,12,51,4.215844,0,0,2014-12-20
1422,1423,331.0,1,6,3,12,51,4.215844,0,0,2014-12-21
1423,1424,304.0,0,0,4,12,52,4.215844,0,0,2014-12-22
1424,1425,281.0,0,1,4,12,52,4.215844,0,0,2014-12-23
