M5-FITS/processed/v1/data_train_WI_3_FOODS_2.csv
,d,sales,tm_w_end,tm_dw,tm_wm,tm_m,tm_w,sell_price,snap_count,is_event,date
1425,1426,261.0,0,2,4,12,52,4.215844,0,1,2014-12-24
1426,1427,0.0,0,3,4,12,52,4.215844,0,1,2014-12-25
1427,1428,292.0,0,4,4,12,52,4.215844,0,0,2014-12-26
1428,1429,246.0,1,5,4,12,52,4.21236,0,0,2014-12-27
1429,1430,267.0,1,6,4,12,52,4.21236,0,0,2014-12-28
1430,1431,272.0,0,0,5,12,1,4.21236,0,0,2014-12-29
1431,1432,274.0,0,1,5,12,1,4.21236,0,0,2014-12-30
1432,1433,291.0,0,2,5,12,1,4.21236,0,0,2014-12-31
1433,1434,227.0,0,3,1,1,1,4.21236,2,1,2015-01-01
1434,1435,573.0,0,4,1,1,1,4.21236,2,0,2015-01-02
1435,1436,577.0,1,5,1,1,1,4.221952,3,0,2015-01-03
1436,1437,388.0,1,6,1,1,1,4.221952,1,0,2015-01-04
1437,1438,414.0,0,0,1,1,2,4.221952,3,0,2015-01-05
1438,1439,452.0,0,1,1,1,2,4.221952,3,0,2015-01-06
1439,1440,284.0,0,2,1,1,2,4.221952,2,1,2015-01-07
1440,1441,402.0,0,3,2,1,2,4.221952,2,0,2015-01-08
1441,1442,476.0,0,4,2,1,2,4.221952,3,0,2015-01-09
1442,1443,445.0,1,5,2,1,2,4.223249,1,0,2015-01-10
1443,1444,537.0,1,6,2,1,2,4.223249,2,0,2015-01-11
1444,1445,466.0,0,0,2,1,3,4.223249,2,0,2015-01-12
1445,1446,314.0,0,1,2,1,3,4.223249,1,0,2015-01-13
1446,1447,408.0,0,2,2,1,3,4.223249,1,0,2015-01-14
1447,1448,487.0,0,3,3,1,3,4.223249,2,0,2015-01-15
1448,1449,436.0,0,4,3,1,3,4.223249,0,0,2015-01-16
1449,1450,449.0,1,5,3,1,3,4.223249,0,0,2015-01-17
1450,1451,371.0,1,6,3,1,3,4.223249,0,0,2015-01-18
1451,1452,294.0,0,0,3,1,4,4.223249,0,1,2015-01-19
1452,1453,277.0,0,1,3,1,4,4.223249,0,0,2015-01-20
1453,1454,202.0,0,2,3,1,4,4.223249,0,0,2015-01-21
1454,1455,239.0,0,3,4,1,4,4.223249,0,0,2015-01-22
1455,1456,250.0,0,4,4,1,4,4.223249,0,0,2015-01-23
1456,1457,396.0,1,5,4,1,4,4.210218,0,0,2015-01-24
1457,1458,370.0,1,6,4,1,4,4.210218,0,0,2015-01-25
1458,1459,305.0,0,0,4,1,5,4.210218,0,0,2015-01-26
1459,1460,186.0,0,1,4,1,5,4.210218,0,0,2015-01-27
1460,1461,239.0,0,2,4,1,5,4.210218,0,0,2015-01-28
1461,1462,213.0,0,3,5,1,5,4.210218,0,0,2015-01-29
1462,1463,321.0,0,4,5,1,5,4.210218,0,0,2015-01-30
1463,1464,475.0,1,5,5,1,5,4.2155356,0,0,2015-01-31
1464,1465,213.0,1,6,1,2,5,4.2155356,2,1,2015-02-01
1465,1466,415.0,0,0,1,2,6,4.2155356,2,0,2015-02-02
1466,1467,536.0,0,1,1,2,6,4.2155356,3,0,2015-02-03
1467,1468,282.0,0,2,1,2,6,4.2155356,1,0,2015-02-04
1468,1469,360.0,0,3,1,2,6,4.2155356,3,0,2015-02-05
1469,1470,471.0,0,4,1,2,6,4.2155356,3,0,2015-02-06
1470,1471,448.0,1,5,1,2,6,4.2228804,2,0,2015-02-07
1471,1472,581.0,1,6,2,2,6,4.2228804,2,0,2015-02-08
1472,1473,487.0,0,0,2,2,7,4.2228804,3,0,2015-02-09
1473,1474,395.0,0,1,2,2,7,4.2228804,1,0,2015-02-10
1474,1475,341.0,0,2,2,2,7,4.2228804,2,0,2015-02-11
1475,1476,483.0,0,3,2,2,7,4.2228804,2,0,2015-02-12
1476,1477,474.0,0,4,2,2,7,4.2228804,1,0,2015-02-13
1477,1478,523.0,1,5,2,2,7,4.237628,1,1,2015-02-14
1478,1479,593.0,1,6,3,2,7,4.237628,2,0,2015-02-15
1479,1480,382.0,0,0,3,2,8,4.237628,0,1,2015-02-16
1480,1481,387.0,0,1,3,2,8,4.237628,0,0,2015-02-17
1481,1482,276.0,0,2,3,2,8,4.237628,0,1,2015-02-18
1482,1483,306.0,0,3,3,2,8,4.237628,0,0,2015-02-19
1483,1484,339.0,0,4,3,2,8,4.237628,0,0,2015-02-20
1484,1485,405.0,1,5,3,2,8,4.230148,0,0,2015-02-21
1485,1486,361.0,1,6,4,2,8,4.230148,0,0,2015-02-22
1486,1487,281.0,0,0,4,2,9,4.230148,0,0,2015-02-23
1487,1488,234.0,0,1,4,2,9,4.230148,0,0,2015-02-24
1488,1489,241.0,0,2,4,2,9,4.230148,0,1,2015-02-25
1489,1490,237.0,0,3,4,2,9,4.230148,0,0,2015-02-26
1490,1491,348.0,0,4,4,2,9,4.230148,0,0,2015-02-27
1491,1492,425.0,1,5,4,2,9,4.2481475,0,0,2015-02-28
1492,1493,393.0,1,6,1,3,9,4.2481475,2,0,2015-03-01
1493,1494,463.0,0,0,1,3,10,4.2481475,2,0,2015-03-02
1494,1495,473.0,0,1,1,3,10,4.2481475,3,0,2015-03-03
1495,1496,416.0,0,2,1,3,10,4.2481475,1,0,2015-03-04
1496,1497,436.0,0,3,1,3,10,4.2481475,3,1,2015-03-05
1497,1498,542.0,0,4,1,3,10,4.2481475,3,0,2015-03-06
1498,1499,518.0,1,5,1,3,10,4.2625456,2,0,2015-03-07
1499,1500,553.0,1,6,2,3,10,4.2625456,2,0,2015-03-08
1500,1501,530.0,0,0,2,3,11,4.2625456,3,0,2015-03-09
1501,1502,404.0,0,1,2,3,11,4.2625456,1,0,2015-03-10
1502,1503,422.0,0,2,2,3,11,4.2625456,2,0,2015-03-11
1503,1504,442.0,0,3,2,3,11,4.2625456,2,0,2015-03-12
1504,1505,329.0,0,4,2,3,11,4.2625456,1,0,2015-03-13
1505,1506,490.0,1,5,2,3,11,4.266343,1,0,2015-03-14
1506,1507,590.0,1,6,3,3,11,4.266343,2,0,2015-03-15
1507,1508,412.0,0,0,3,3,12,4.266343,0,0,2015-03-16
1508,1509,295.0,0,1,3,3,12,4.266343,0,1,2015-03-17
1509,1510,302.0,0,2,3,3,12,4.266343,0,0,2015-03-18
1510,1511,260.0,0,3,3,3,12,4.266343,0,0,2015-03-19
1511,1512,316.0,0,4,3,3,12,4.266343,0,0,2015-03-20
1512,1513,340.0,1,5,3,3,12,4.2623825,0,0,2015-03-21
1513,1514,426.0,1,6,4,3,12,4.2623825,0,0,2015-03-22
1514,1515,296.0,0,0,4,3,13,4.2623825,0,0,2015-03-23
1515,1516,313.0,0,1,4,3,13,4.2623825,0,0,2015-03-24
1516,1517,227.0,0,2,4,3,13,4.2623825,0,0,2015-03-25
1517,1518,271.0,0,3,4,3,13,4.2623825,0,0,2015-03-26
1518,1519,286.0,0,4,4,3,13,4.2623825,0,0,2015-03-27
1519,1520,432.0,1,5,4,3,13,4.2616606,0,0,2015-03-28
1520,1521,346.0,1,6,5,3,13,4.2616606,0,0,2015-03-29
1521,1522,284.0,0,0,5,3,14,4.2616606,0,0,2015-03-30
1522,1523,316.0,0,1,5,3,14,4.2616606,0,0,2015-03-31
1523,1524,250.0,0,2,1,4,14,4.2616606,2,0,2015-04-01
1524,1525,402.0,0,3,1,4,14,4.2616606,2,0,2015-04-02
1525,1526,565.0,0,4,1,4,14,4.2616606,3,0,2015-04-03
1526,1527,453.0,1,5,1,4,14,4.261562,1,0,2015-04-04
1527,1528,503.0,1,6,1,4,14,4.261562,3,1,2015-04-05
1528,1529,552.0,0,0,1,4,15,4.261562,3,0,2015-04-06
1529,1530,474.0,0,1,1,4,15,4.261562,2,0,2015-04-07
1530,1531,492.0,0,2,2,4,15,4.261562,2,0,2015-04-08
1531,1532,422.0,0,3,2,4,15,4.261562,3,0,2015-04-09
1532,1533,427.0,0,4,2,4,15,4.261562,1,0,2015-04-10
1533,1534,542.0,1,5,2,4,15,4.261562,2,1,2015-04-11
1534,1535,569.0,1,6,2,4,15,4.261562,2,1,2015-04-12
1535,1536,412.0,0,0,2,4,16,4.261562,1,0,2015-04-13
1536,1537,401.0,0,1,2,4,16,4.261562,1,0,2015-04-14
1537,1538,459.0,0,2,3,4,16,4.261562,2,0,2015-04-15
1538,1539,346.0,0,3,3,4,16,4.261562,0,0,2015-04-16
1539,1540,324.0,0,4,3,4,16,4.261562,0,0,2015-04-17
1540,1541,357.0,1,5,3,4,16,4.258704,0,0,2015-04-18
1541,1542,472.0,1,6,3,4,16,4.258704,0,0,2015-04-19
1542,1543,327.0,0,0,3,4,17,4.258704,0,0,2015-04-20
1543,1544,379.0,0,1,3,4,17,4.258704,0,0,2015-04-21
1544,1545,331.0,0,2,4,4,17,4.258704,0,0,2015-04-22
1545,1546,253.0,0,3,4,4,17,4.258704,0,0,2015-04-23
1546,1547,333.0,0,4,4,4,17,4.258704,0,0,2015-04-24
1547,1548,391.0,1,5,4,4,17,4.2610536,0,0,2015-04-25
1548,1549,457.0,1,6,4,4,17,4.2610536,0,0,2015-04-26
1549,1550,358.0,0,0,4,4,18,4.2610536,0,0,2015-04-27
1550,1551,295.0,0,1,4,4,18,4.2610536,0,0,2015-04-28
1551,1552,223.0,0,2,5,4,18,4.2610536,0,0,2015-04-29
1552,1553,297.0,0,3,5,4,18,4.2610536,0,0,2015-04-30
1553,1554,323.0,0,4,1,5,18,4.2610536,2,0,2015-05-01
1554,1555,485.0,1,5,1,5,18,4.2610536,2,0,2015-05-02
1555,1556,682.0,1,6,1,5,18,4.2610536,3,0,2015-05-03
1556,1557,446.0,0,0,1,5,19,4.2610536,1,0,2015-05-04
1557,1558,481.0,0,1,1,5,19,4.2610536,3,1,2015-05-05
1558,1559,509.0,0,2,1,5,19,4.2610536,3,0,2015-05-06
1559,1560,311.0,0,3,1,5,19,4.2610536,2,0,2015-05-07
1560,1561,440.0,0,4,2,5,19,4.2610536,2,0,2015-05-08
1561,1562,552.0,1,5,2,5,19,4.258205,3,0,2015-05-09
1562,1563,457.0,1,6,2,5,19,4.258205,1,1,2015-05-10
1563,1564,546.0,0,0,2,5,20,4.258205,2,0,2015-05-11
1564,1565,511.0,0,1,2,5,20,4.258205,2,0,2015-05-12
1565,1566,403.0,0,2,2,5,20,4.258205,1,0,2015-05-13
1566,1567,463.0,0,3,2,5,20,4.258205,1,0,2015-05-14
1567,1568,445.0,0,4,3,5,20,4.258205,2,0,2015-05-15
1568,1569,434.0,1,5,3,5,20,4.254048,0,0,2015-05-16
1569,1570,415.0,1,6,3,5,20,4.254048,0,0,2015-05-17
1570,1571,350.0,0,0,3,5,21,4.254048,0,0,2015-05-18
1571,1572,328.0,0,1,3,5,21,4.254048,0,0,2015-05-19
1572,1573,258.0,0,2,3,5,21,4.254048,0,0,2015-05-20
1573,1574,262.0,0,3,3,5,21,4.254048,0,0,2015-05-21
1574,1575,282.0,0,4,4,5,21,4.254048,0,0,2015-05-22
1575,1576,226.0,1,5,4,5,21,4.2532015,0,0,2015-05-23
1576,1577,273.0,1,6,4,5,21,4.2532015,0,0,2015-05-24
1577,1578,293.0,0,0,4,5,22,4.2532015,0,1,2015-05-25
1578,1579,231.0,0,1,4,5,22,4.2532015,0,0,2015-05-26
1579,1580,237.0,0,2,4,5,22,4.2532015,0,0,2015-05-27
1580,1581,209.0,0,3,4,5,22,4.2532015,0,0,2015-05-28
1581,1582,279.0,0,4,5,5,22,4.2532015,0,0,2015-05-29
1582,1583,370.0,1,5,5,5,22,4.256276,0,0,2015-05-30
1583,1584,368.0,1,6,5,5,22,4.256276,0,0,2015-05-31
1584,1585,256.0,0,0,1,6,23,4.256276,2,0,2015-06-01
1585,1586,397.0,0,1,1,6,23,4.256276,2,0,2015-06-02
1586,1587,456.0,0,2,1,6,23,4.256276,3,0,2015-06-03
1587,1588,370.0,0,3,1,6,23,4.256276,1,1,2015-06-04
1588,1589,424.0,0,4,1,6,23,4.256276,3,0,2015-06-05
1589,1590,511.0,1,5,1,6,23,4.253679,3,0,2015-06-06
1590,1591,490.0,1,6,1,6,23,4.253679,2,0,2015-06-07
1591,1592,519.0,0,0,2,6,24,4.253679,2,0,2015-06-08
1592,1593,386.0,0,1,2,6,24,4.253679,3,0,2015-06-09
1593,1594,297.0,0,2,2,6,24,4.253679,1,0,2015-06-10
1594,1595,478.0,0,3,2,6,24,4.253679,2,0,2015-06-11
1595,1596,538.0,0,4,2,6,24,4.253679,2,0,2015-06-12
1596,1597,370.0,1,5,2,6,24,4.2511573,1,0,2015-06-13
1597,1598,573.0,1,6,2,6,24,4.2511573,1,0,2015-06-14
1598,1599,542.0,0,0,3,6,25,4.2511573,2,0,2015-06-15
1599,1600,441.0,0,1,3,6,25,4.2511573,0,1,2015-06-16
1600,1601,361.0,0,2,3,6,25,4.2511573,0,0,2015-06-17
1601,1602,296.0,0,3,3,6,25,4.2511573,0,1,2015-06-18
1602,1603,306.0,0,4,3,6,25,4.2511573,0,0,2015-06-19
1603,1604,333.0,1,5,3,6,25,4.2517624,0,0,2015-06-20
1604,1605,289.0,1,6,3,6,25,4.2517624,0,1,2015-06-21
1605,1606,326.0,0,0,4,6,26,4.2517624,0,0,2015-06-22
1606,1607,299.0,0,1,4,6,26,4.2517624,0,0,2015-06-23
1607,1608,242.0,0,2,4,6,26,4.2517624,0,0,2015-06-24
1608,1609,233.0,0,3,4,6,26,4.2517624,0,0,2015-06-25
1609,1610,293.0,0,4,4,6,26,4.2517624,0,0,2015-06-26
1610,1611,258.0,1,5,4,6,26,4.25327,0,0,2015-06-27
1611,1612,355.0,1,6,4,6,26,4.25327,0,0,2015-06-28
1612,1613,242.0,0,0,5,6,27,4.25327,0,0,2015-06-29
1613,1614,261.0,0,1,5,6,27,4.25327,0,0,2015-06-30
1614,1615,239.0,0,2,1,7,27,4.25327,2,0,2015-07-01
1615,1616,429.0,0,3,1,7,27,4.25327,2,0,2015-07-02
1616,1617,497.0,0,4,1,7,27,4.25327,3,0,2015-07-03
1617,1618,224.0,1,5,1,7,27,4.256082,1,1,2015-07-04
1618,1619,443.0,1,6,1,7,27,4.256082,3,0,2015-07-05
1619,1620,572.0,0,0,1,7,28,4.256082,3,0,2015-07-06
1620,1621,379.0,0,1,1,7,28,4.256082,2,0,2015-07-07
1621,1622,453.0,0,2,2,7,28,4.256082,2,0,2015-07-08
1622,1623,437.0,0,3,2,7,28,4.256082,3,0,2015-07-09
1623,1624,352.0,0,4,2,7,28,4.256082,1,0,2015-07-10
1624,1625,425.0,1,5,2,7,28,4.2598014,2,0,2015-07-11
1625,1626,517.0,1,6,2,7,28,4.2598014,2,0,2015-07-12
1626,1627,387.0,0,0,2,7,29,4.2598014,1,0,2015-07-13
1627,1628,448.0,0,1,2,7,29,4.2598014,1,0,2015-07-14
1628,1629,502.0,0,2,3,7,29,4.2598014,2,0,2015-07-15
1629,1630,427.0,0,3,3,7,29,4.2598014,0,0,2015-07-16
1630,1631,309.0,0,4,3,7,29,4.2598014,0,0,2015-07-17
1631,1632,353.0,1,5,3,7,29,4.260106,0,1,2015-07-18
1632,1633,385.0,1,6,3,7,29,4.260106,0,0,2015-07-19
1633,1634,336.0,0,0,3,7,30,4.260106,0,0,2015-07-20
1634,1635,236.0,0,1,3,7,30,4.260106,0,0,2015-07-21
1635,1636,259.0,0,2,4,7,30,4.260106,0,0,2015-07-22
1636,1637,286.0,0,3,4,7,30,4.260106,0,0,2015-07-23
1637,1638,240.0,0,4,4,7,30,4.260106,0,0,2015-07-24
1638,1639,300.0,1,5,4,7,30,4.259147,0,0,2015-07-25
1639,1640,301.0,1,6,4,7,30,4.259147,0,0,2015-07-26
1640,1641,290.0,0,0,4,7,31,4.259147,0,0,2015-07-27
1641,1642,275.0,0,1,4,7,31,4.259147,0,0,2015-07-28
1642,1643,214.0,0,2,5,7,31,4.259147,0,0,2015-07-29
1643,1644,184.0,0,3,5,7,31,4.259147,0,0,2015-07-30
1644,1645,261.0,0,4,5,7,31,4.259147,0,0,2015-07-31
1645,1646,307.0,1,5,1,8,31,4.2447567,2,0,2015-08-01
1646,1647,478.0,1,6,1,8,31,4.2447567,2,0,2015-08-02
1647,1648,535.0,0,0,1,8,32,4.2447567,3,0,2015-08-03
1648,1649,391.0,0,1,1,8,32,4.2447567,1,0,2015-08-04
1649,1650,451.0,0,2,1,8,32,4.2447567,3,0,2015-08-05
1650,1651,513.0,0,3,1,8,32,4.2447567,3,0,2015-08-06
1651,1652,377.0,0,4,1,8,32,4.2447567,2,0,2015-08-07
1652,1653,428.0,1,5,2,8,32,4.241763,2,0,2015-08-08
1653,1654,531.0,1,6,2,8,32,4.241763,3,0,2015-08-09
1654,1655,404.0,0,0,2,8,33,4.241763,1,0,2015-08-10
1655,1656,427.0,0,1,2,8,33,4.241763,2,0,2015-08-11
1656,1657,454.0,0,2,2,8,33,4.241763,2,0,2015-08-12
1657,1658,375.0,0,3,2,8,33,4.241763,1,0,2015-08-13
1658,1659,447.0,0,4,2,8,33,4.241763,1,0,2015-08-14
1659,1660,518.0,1,5,3,8,33,4.240784,2,0,2015-08-15
1660,1661,462.0,1,6,3,8,33,4.240784,0,0,2015-08-16
1661,1662,369.0,0,0,3,8,34,4.240784,0,0,2015-08-17
1662,1663,362.0,0,1,3,8,34,4.240784,0,0,2015-08-18
1663,1664,309.0,0,2,3,8,34,4.240784,0,0,2015-08-19
1664,1665,307.0,0,3,3,8,34,4.240784,0,0,2015-08-20
1665,1666,285.0,0,4,3,8,34,4.240784,0,0,2015-08-21
1666,1667,276.0,1,5,4,8,34,4.2347894,0,0,2015-08-22
1667,1668,386.0,1,6,4,8,34,4.2347894,0,0,2015-08-23
1668,1669,306.0,0,0,4,8,35,4.2347894,0,0,2015-08-24
1669,1670,272.0,0,1,4,8,35,4.2347894,0,0,2015-08-25
1670,1671,279.0,0,2,4,8,35,4.2347894,0,0,2015-08-26
1671,1672,245.0,0,3,4,8,35,4.2347894,0,0,2015-08-27
1672,1673,282.0,0,4,4,8,35,4.2347894,0,0,2015-08-28
1673,1674,335.0,1,5,5,8,35,4.2347355,0,0,2015-08-29
1674,1675,359.0,1,6,5,8,35,4.2347355,0,0,2015-08-30
1675,1676,357.0,0,0,5,8,36,4.2347355,0,0,2015-08-31
1676,1677,276.0,0,1,1,9,36,4.2347355,2,0,2015-09-01
1677,1678,396.0,0,2,1,9,36,4.2347355,2,0,2015-09-02
1678,1679,460.0,0,3,1,9,36,4.2347355,3,0,2015-09-03
1679,1680,346.0,0,4,1,9,36,4.2347355,1,0,2015-09-04
1680,1681,511.0,1,5,1,9,36,4.237633,3,0,2015-09-05
1681,1682,412.0,1,6,1,9,36,4.237633,3,0,2015-09-06
1682,1683,432.0,0,0,1,9,37,4.237633,2,1,2015-09-07
1683,1684,374.0,0,1,2,9,37,4.237633,2,0,2015-09-08
1684,1685,479.0,0,2,2,9,37,4.237633,3,0,2015-09-09
1685,1686,355.0,0,3,2,9,37,4.237633,1,0,2015-09-10
1686,1687,426.0,0,4,2,9,37,4.237633,2,0,2015-09-11
1687,1688,555.0,1,5,2,9,37,4.236248,2,0,2015-09-12
1688,1689,521.0,1,6,2,9,37,4.236248,1,0,2015-09-13
1689,1690,514.0,0,0,2,9,38,4.236248,1,0,2015-09-14
1690,1691,553.0,0,1,3,9,38,4.236248,2,0,2015-09-15
1691,1692,360.0,0,2,3,9,38,4.236248,0,0,2015-09-16
1692,1693,360.0,0,3,3,9,38,4.236248,0,0,2015-09-17
1693,1694,291.0,0,4,3,9,38,4.236248,0,0,2015-09-18
1694,1695,421.0,1,5,3,9,38,4.2363834,0,0,2015-09-19
1695,1696,418.0,1,6,3,9,38,4.2363834,0,0,2015-09-20
1696,1697,363.0,0,0,3,9,39,4.2363834,0,0,2015-09-21
1697,1698,256.0,0,1,4,9,39,4.2363834,0,0,2015-09-22
1698,1699,228.0,0,2,4,9,39,4.2363834,0,0,2015-09-23
1699,1700,294.0,0,3,4,9,39,4.2363834,0,1,2015-09-24
1700,1701,318.0,0,4,4,9,39,4.2363834,0,0,2015-09-25
1701,1702,387.0,1,5,4,9,39,4.2408442,0,0,2015-09-26
1702,1703,401.0,1,6,4,9,39,4.2408442,0,0,2015-09-27
1703,1704,351.0,0,0,4,9,40,4.2408442,0,0,2015-09-28
1704,1705,299.0,0,1,5,9,40,4.2408442,0,0,2015-09-29
1705,1706,290.0,0,2,5,9,40,4.2408442,0,0,2015-09-30
1706,1707,331.0,0,3,1,10,40,4.2408442,2,0,2015-10-01
1707,1708,585.0,0,4,1,10,40,4.2408442,2,0,2015-10-02
1708,1709,760.0,1,5,1,10,40,4.2454424,3,0,2015-10-03
1709,1710,583.0,1,6,1,10,40,4.2454424,1,0,2015-10-04
1710,1711,620.0,0,0,1,10,41,4.2454424,3,0,2015-10-05
1711,1712,605.0,0,1,1,10,41,4.2454424,3,0,2015-10-06
1712,1713,514.0,0,2,1,10,41,4.2454424,2,0,2015-10-07
1713,1714,561.0,0,3,2,10,41,4.2454424,2,0,2015-10-08
1714,1715,695.0,0,4,2,10,41,4.2454424,3,0,2015-10-09
1715,1716,639.0,1,5,2,10,41,4.2449713,1,0,2015-10-10
1716,1717,657.0,1,6,2,10,41,4.2449713,2,0,2015-10-11
1717,1718,640.0,0,0,2,10,42,4.2449713,2,1,2015-10-12
1718,1719,510.0,0,1,2,10,42,4.2449713,1,0,2015-10-13
1719,1720,616.0,0,2,2,10,42,4.2449713,1,0,2015-10-14
1720,1721,598.0,0,3,3,10,42,4.2449713,2,0,2015-10-15
1721,1722,464.0,0,4,3,10,42,4.2449713,0,0,2015-10-16
1722,1723,600.0,1,5,3,10,42,4.2449713,0,0,2015-10-17
1723,1724,599.0,1,6,3,10,42,4.2449713,0,0,2015-10-18
1724,1725,423.0,0,0,3,10,43,4.2449713,0,0,2015-10-19
1725,1726,373.0,0,1,3,10,43,4.2449713,0,0,2015-10-20
1726,1727,377.0,0,2,3,10,43,4.2449713,0,0,2015-10-21
1727,1728,322.0,0,3,4,10,43,4.2449713,0,0,2015-10-22
1728,1729,357.0,0,4,4,10,43,4.2449713,0,0,2015-10-23
1729,1730,489.0,1,5,4,10,43,4.234591,0,0,2015-10-24
1730,1731,437.0,1,6,4,10,43,4.234591,0,0,2015-10-25
1731,1732,399.0,0,0,4,10,44,4.234591,0,0,2015-10-26
1732,1733,391.0,0,1,4,10,44,4.234591,0,0,2015-10-27
1733,1734,298.0,0,2,4,10,44,4.234591,0,0,2015-10-28
1734,1735,338.0,0,3,5,10,44,4.234591,0,0,2015-10-29
1735,1736,442.0,0,4,5,10,44,4.234591,0,0,2015-10-30
1736,1737,403.0,1,5,5,10,44,4.227032,0,1,2015-10-31
1737,1738,444.0,1,6,1,11,44,4.227032,2,0,2015-11-01
1738,1739,579.0,0,0,1,11,45,4.227032,2,0,2015-11-02
1739,1740,654.0,0,1,1,11,45,4.227032,3,0,2015-11-03
1740,1741,371.0,0,2,1,11,45,4.227032,1,0,2015-11-04
1741,1742,539.0,0,3,1,11,45,4.227032,3,0,2015-11-05
1742,1743,610.0,0,4,1,11,45,4.227032,3,0,2015-11-06
1743,1744,631.0,1,5,1,11,45,4.219767,2,0,2015-11-07
1744,1745,688.0,1,6,2,11,45,4.219767,2,0,2015-11-08
1745,1746,674.0,0,0,2,11,46,4.219767,3,0,2015-11-09
1746,1747,479.0,0,1,2,11,46,4.219767,1,0,2015-11-10
1747,1748,522.0,0,2,2,11,46,4.219767,2,1,2015-11-11
1748,1749,589.0,0,3,2,11,46,4.219767,2,0,2015-11-12
1749,1750,453.0,0,4,2,11,46,4.219767,1,0,2015-11-13
1750,1751,746.0,1,5,2,11,46,4.220746,1,0,2015-11-14
1751,1752,740.0,1,6,3,11,46,4.220746,2,0,2015-11-15
1752,1753,560.0,0,0,3,11,47,4.220746,0,0,2015-11-16
1753,1754,342.0,0,1,3,11,47,4.220746,0,0,2015-11-17
1754,1755,454.0,0,2,3,11,47,4.220746,0,0,2015-11-18
1755,1756,414.0,0,3,3,11,47,4.220746,0,0,2015-11-19
1756,1757,554.0,0,4,3,11,47,4.220746,0,0,2015-11-20
1757,1758,459.0,1,5,3,11,47,4.2193623,0,0,2015-11-21
1758,1759,495.0,1,6,4,11,47,4.2193623,0,0,2015-11-22
1759,1760,370.0,0,0,4,11,48,4.2193623,0,0,2015-11-23
1760,1761,363.0,0,1,4,11,48,4.2193623,0,0,2015-11-24
1761,1762,413.0,0,2,4,11,48,4.2193623,0,0,2015-11-25
1762,1763,165.0,0,3,4,11,48,4.2193623,0,1,2015-11-26
1763,1764,245.0,0,4,4,11,48,4.2193623,0,0,2015-11-27
1764,1765,399.0,1,5,4,11,48,4.2202406,0,0,2015-11-28
1765,1766,446.0,1,6,5,11,48,4.2202406,0,0,2015-11-29
1766,1767,381.0,0,0,5,11,49,4.2202406,0,0,2015-11-30
1767,1768,357.0,0,1,1,12,49,4.2202406,2,0,2015-12-01
1768,1769,528.0,0,2,1,12,49,4.2202406,2,0,2015-12-02
1769,1770,640.0,0,3,1,12,49,4.2202406,3,0,2015-12-03
1770,1771,479.0,0,4,1,12,49,4.2202406,1,0,2015-12-04
1771,1772,688.0,1,5,1,12,49,4.2208886,3,0,2015-12-05
