M5-FITS/processed/v1/data_train_WI_3_FOODS_2.csv
,d,sales,tm_w_end,tm_dw,tm_wm,tm_m,tm_w,sell_price,snap_count,is_event,date
1772,1773,730.0,1,6,1,12,49,4.2208886,3,0,2015-12-06
1773,1774,467.0,0,0,1,12,50,4.2208886,2,0,2015-12-07
1774,1775,568.0,0,1,2,12,50,4.2208886,2,0,2015-12-08
1775,1776,592.0,0,2,2,12,50,4.2208886,3,0,2015-12-09
1776,1777,421.0,0,3,2,12,50,4.2208886,1,0,2015-12-10
1777,1778,547.0,0,4,2,12,50,4.2208886,2,0,2015-12-11
1778,1779,629.0,1,5,2,12,50,4.2222967,2,0,2015-12-12
1779,1780,621.0,1,6,2,12,50,4.2222967,1,0,2015-12-13
1780,1781,548.0,0,0,2,12,51,4.2222967,1,1,2015-12-14
1781,1782,505.0,0,1,3,12,51,4.2222967,2,0,2015-12-15
1782,1783,455.0,0,2,3,12,51,4.2222967,0,0,2015-12-16
1783,1784,444.0,0,3,3,12,51,4.2222967,0,0,2015-12-17
1784,1785,417.0,0,4,3,12,51,4.2222967,0,0,2015-12-18
1785,1786,450.0,1,5,3,12,51,4.2261195,0,0,2015-12-19
1786,1787,518.0,1,6,3,12,51,4.2261195,0,0,2015-12-20
1787,1788,448.0,0,0,3,12,52,4.2261195,0,0,2015-12-21
1788,1789,373.0,0,1,4,12,52,4.2261195,0,0,2015-12-22
1789,1790,422.0,0,2,4,12,52,4.2261195,0,0,2015-12-23
1790,1791,396.0,0,3,4,12,52,4.2261195,0,0,2015-12-24
1791,1792,0.0,0,4,4,12,52,4.2261195,0,1,2015-12-25
1792,1793,400.0,1,5,4,12,52,4.2269244,0,0,2015-12-26
1793,1794,510.0,1,6,4,12,52,4.2269244,0,0,2015-12-27
1794,1795,279.0,0,0,4,12,53,4.2269244,0,0,2015-12-28
1795,1796,375.0,0,1,5,12,53,4.2269244,0,0,2015-12-29
1796,1797,417.0,0,2,5,12,53,4.2269244,0,0,2015-12-30
1797,1798,558.0,0,3,5,12,53,4.2269244,0,0,2015-12-31
1798,1799,378.0,0,4,1,1,53,4.2269244,2,1,2016-01-01
1799,1800,650.0,1,5,1,1,53,4.2277293,2,0,2016-01-02
1800,1801,691.0,1,6,1,1,53,4.2277293,3,0,2016-01-03
1801,1802,485.0,0,0,1,1,1,4.2277293,1,0,2016-01-04
1802,1803,563.0,0,1,1,1,1,4.2277293,3,0,2016-01-05
1803,1804,622.0,0,2,1,1,1,4.2277293,3,0,2016-01-06
1804,1805,481.0,0,3,1,1,1,4.2277293,2,1,2016-01-07
1805,1806,560.0,0,4,2,1,1,4.2277293,2,0,2016-01-08
1806,1807,792.0,1,5,2,1,1,4.228681,3,0,2016-01-09
1807,1808,595.0,1,6,2,1,1,4.228681,1,0,2016-01-10
1808,1809,600.0,0,0,2,1,2,4.228681,2,0,2016-01-11
1809,1810,656.0,0,1,2,1,2,4.228681,2,0,2016-01-12
1810,1811,442.0,0,2,2,1,2,4.228681,1,0,2016-01-13
1811,1812,754.0,0,3,2,1,2,4.228681,1,0,2016-01-14
1812,1813,708.0,0,4,3,1,2,4.228681,2,0,2016-01-15
1813,1814,779.0,1,5,3,1,2,4.229383,0,0,2016-01-16
1814,1815,477.0,1,6,3,1,2,4.229383,0,0,2016-01-17
1815,1816,470.0,0,0,3,1,3,4.229383,0,1,2016-01-18
1816,1817,385.0,0,1,3,1,3,4.229383,0,0,2016-01-19
1817,1818,377.0,0,2,3,1,3,4.229383,0,0,2016-01-20
1818,1819,362.0,0,3,3,1,3,4.229383,0,0,2016-01-21
1819,1820,400.0,0,4,4,1,3,4.229383,0,0,2016-01-22
1820,1821,559.0,1,5,4,1,3,4.230443,0,0,2016-01-23
1821,1822,462.0,1,6,4,1,3,4.230443,0,0,2016-01-24
1822,1823,387.0,0,0,4,1,4,4.230443,0,0,2016-01-25
1823,1824,335.0,0,1,4,1,4,4.230443,0,0,2016-01-26
1824,1825,337.0,0,2,4,1,4,4.230443,0,0,2016-01-27
1825,1826,365.0,0,3,4,1,4,4.230443,0,0,2016-01-28
1826,1827,441.0,0,4,5,1,4,4.230443,0,0,2016-01-29
1827,1828,602.0,1,5,5,1,4,4.230443,0,0,2016-01-30
1828,1829,506.0,1,6,5,1,4,4.230443,0,0,2016-01-31
1829,1830,490.0,0,0,1,2,5,4.230443,2,0,2016-02-01
1830,1831,458.0,0,1,1,2,5,4.230443,2,0,2016-02-02
1831,1832,689.0,0,2,1,2,5,4.230443,3,0,2016-02-03
1832,1833,420.0,0,3,1,2,5,4.230443,1,0,2016-02-04
1833,1834,641.0,0,4,1,2,5,4.230443,3,0,2016-02-05
1834,1835,912.0,1,5,1,2,5,4.230443,3,0,2016-02-06
1835,1836,579.0,1,6,1,2,5,4.230443,2,1,2016-02-07
1836,1837,543.0,0,0,2,2,6,4.230443,2,0,2016-02-08
1837,1838,613.0,0,1,2,2,6,4.230443,3,0,2016-02-09
1838,1839,473.0,0,2,2,2,6,4.230443,1,1,2016-02-10
1839,1840,688.0,0,3,2,2,6,4.230443,2,0,2016-02-11
1840,1841,698.0,0,4,2,2,6,4.230443,2,0,2016-02-12
1841,1842,764.0,1,5,2,2,6,4.22901,1,0,2016-02-13
1842,1843,722.0,1,6,2,2,6,4.22901,1,1,2016-02-14
1843,1844,771.0,0,0,3,2,7,4.22901,2,1,2016-02-15
1844,1845,540.0,0,1,3,2,7,4.22901,0,0,2016-02-16
1845,1846,509.0,0,2,3,2,7,4.22901,0,1,2016-02-17
1846,1847,370.0,0,3,3,2,7,4.22901,0,0,2016-02-18
1847,1848,451.0,0,4,3,2,7,4.22901,0,0,2016-02-19
1848,1849,601.0,1,5,3,2,7,4.2260265,0,0,2016-02-20
1849,1850,611.0,1,6,3,2,7,4.2260265,0,0,2016-02-21
1850,1851,430.0,0,0,4,2,8,4.2260265,0,0,2016-02-22
1851,1852,350.0,0,1,4,2,8,4.2260265,0,0,2016-02-23
1852,1853,330.0,0,2,4,2,8,4.2260265,0,0,2016-02-24
1853,1854,359.0,0,3,4,2,8,4.2260265,0,0,2016-02-25
1854,1855,367.0,0,4,4,2,8,4.2260265,0,0,2016-02-26
1855,1856,518.0,1,5,4,2,8,4.218079,0,0,2016-02-27
1856,1857,551.0,1,6,4,2,8,4.218079,0,0,2016-02-28
1857,1858,384.0,0,0,5,2,9,4.218079,0,0,2016-02-29
1858,1859,322.0,0,1,1,3,9,4.218079,2,0,2016-03-01
1859,1860,583.0,0,2,1,3,9,4.218079,2,0,2016-03-02
1860,1861,681.0,0,3,1,3,9,4.218079,3,0,2016-03-03
1861,1862,513.0,0,4,1,3,9,4.218079,1,0,2016-03-04
1862,1863,765.0,1,5,1,3,9,4.2182016,3,0,2016-03-05
1863,1864,797.0,1,6,1,3,9,4.2182016,3,0,2016-03-06
1864,1865,645.0,0,0,1,3,10,4.2182016,2,0,2016-03-07
1865,1866,713.0,0,1,2,3,10,4.2182016,2,0,2016-03-08
1866,1867,546.0,0,2,2,3,10,4.2182016,3,0,2016-03-09
1867,1868,544.0,0,3,2,3,10,4.2182016,1,0,2016-03-10
1868,1869,624.0,0,4,2,3,10,4.2182016,2,0,2016-03-11
1869,1870,756.0,1,5,2,3,10,4.2130904,2,0,2016-03-12
1870,1871,735.0,1,6,2,3,10,4.2130904,1,0,2016-03-13
1871,1872,742.0,0,0,2,3,11,4.2130904,1,0,2016-03-14
1872,1873,684.0,0,1,3,3,11,4.2130904,2,0,2016-03-15
1873,1874,428.0,0,2,3,3,11,4.2130904,0,0,2016-03-16
1874,1875,503.0,0,3,3,3,11,4.2130904,0,1,2016-03-17
1875,1876,487.0,0,4,3,3,11,4.2130904,0,0,2016-03-18
1876,1877,724.0,1,5,3,3,11,4.214357,0,0,2016-03-19
1877,1878,625.0,1,6,3,3,11,4.214357,0,0,2016-03-20
1878,1879,436.0,0,0,3,3,12,4.214357,0,0,2016-03-21
1879,1880,458.0,0,1,4,3,12,4.214357,0,0,2016-03-22
1880,1881,377.0,0,2,4,3,12,4.214357,0,0,2016-03-23
1881,1882,461.0,0,3,4,3,12,4.214357,0,1,2016-03-24
1882,1883,511.0,0,4,4,3,12,4.214357,0,0,2016-03-25
1883,1884,560.0,1,5,4,3,12,4.219264,0,0,2016-03-26
1884,1885,437.0,1,6,4,3,12,4.219264,0,1,2016-03-27
1885,1886,386.0,0,0,4,3,13,4.219264,0,0,2016-03-28
1886,1887,440.0,0,1,5,3,13,4.219264,0,0,2016-03-29
1887,1888,349.0,0,2,5,3,13,4.219264,0,0,2016-03-30
1888,1889,387.0,0,3,5,3,13,4.219264,0,0,2016-03-31
1889,1890,530.0,0,4,1,4,13,4.219264,2,0,2016-04-01
1890,1891,770.0,1,5,1,4,13,4.2196665,2,0,2016-04-02
1891,1892,956.0,1,6,1,4,13,4.2196665,3,0,2016-04-03
1892,1893,604.0,0,0,1,4,14,4.2196665,1,0,2016-04-04
1893,1894,706.0,0,1,1,4,14,4.2196665,3,0,2016-04-05
1894,1895,718.0,0,2,1,4,14,4.2196665,3,0,2016-04-06
1895,1896,550.0,0,3,1,4,14,4.2196665,2,0,2016-04-07
1896,1897,657.0,0,4,2,4,14,4.2196665,2,0,2016-04-08
1897,1898,904.0,1,5,2,4,14,4.217026,3,0,2016-04-09
1898,1899,833.0,1,6,2,4,14,4.217026,1,0,2016-04-10
1899,1900,689.0,0,0,2,4,15,4.217026,2,0,2016-04-11
1900,1901,792.0,0,1,2,4,15,4.217026,2,0,2016-04-12
1901,1902,451.0,0,2,2,4,15,4.217026,1,0,2016-04-13
1902,1903,567.0,0,3,2,4,15,4.217026,1,0,2016-04-14
1903,1904,674.0,0,4,3,4,15,4.217026,2,0,2016-04-15
1904,1905,652.0,1,5,3,4,15,4.21896,0,0,2016-04-16
1905,1906,642.0,1,6,3,4,15,4.21896,0,0,2016-04-17
1906,1907,444.0,0,0,3,4,16,4.21896,0,0,2016-04-18
1907,1908,456.0,0,1,3,4,16,4.21896,0,0,2016-04-19
1908,1909,473.0,0,2,3,4,16,4.21896,0,0,2016-04-20
1909,1910,411.0,0,3,3,4,16,4.21896,0,0,2016-04-21
1910,1911,507.0,0,4,4,4,16,4.21896,0,0,2016-04-22
1911,1912,505.0,1,5,4,4,16,4.2189007,0,0,2016-04-23
1912,1913,557.0,1,6,4,4,16,4.2189007,0,0,2016-04-24
1913,1914,446.0,0,0,4,4,17,4.2189007,0,0,2016-04-25
1914,1915,403.0,0,1,4,4,17,4.2189007,0,0,2016-04-26
1915,1916,340.0,0,2,4,4,17,4.2189007,0,0,2016-04-27
1916,1917,412.0,0,3,4,4,17,4.2189007,0,0,2016-04-28
1917,1918,400.0,0,4,5,4,17,4.2189007,0,0,2016-04-29
1918,1919,557.0,1,5,5,4,17,4.2189007,0,1,2016-04-30
1919,1920,604.0,1,6,1,5,17,4.2189007,2,1,2016-05-01
1920,1921,694.0,0,0,1,5,18,4.2189007,2,0,2016-05-02
1921,1922,692.0,0,1,1,5,18,4.2189007,3,0,2016-05-03
1922,1923,647.0,0,2,1,5,18,4.2189007,1,0,2016-05-04
1923,1924,673.0,0,3,1,5,18,4.2189007,3,1,2016-05-05
1924,1925,546.0,0,4,1,5,18,4.2189007,3,0,2016-05-06
1925,1926,701.0,1,5,1,5,18,4.218999,2,0,2016-05-07
1926,1927,645.0,1,6,2,5,18,4.218999,2,1,2016-05-08
1927,1928,803.0,0,0,2,5,19,4.218999,3,0,2016-05-09
1928,1929,555.0,0,1,2,5,19,4.218999,1,0,2016-05-10
1929,1930,697.0,0,2,2,5,19,4.218999,2,0,2016-05-11
1930,1931,647.0,0,3,2,5,19,4.218999,2,0,2016-05-12
1931,1932,595.0,0,4,2,5,19,4.218999,1,0,2016-05-13
1932,1933,912.0,1,5,2,5,19,4.218754,1,0,2016-05-14
1933,1934,946.0,1,6,3,5,19,4.218754,2,0,2016-05-15
1934,1935,712.0,0,0,3,5,20,4.218754,0,0,2016-05-16
1935,1936,477.0,0,1,3,5,20,4.218754,0,0,2016-05-17
1936,1937,459.0,0,2,3,5,20,4.218754,0,0,2016-05-18
1937,1938,431.0,0,3,3,5,20,4.218754,0,0,2016-05-19
1938,1939,567.0,0,4,3,5,20,4.218754,0,0,2016-05-20
1939,1940,599.0,1,5,3,5,20,4.2185082,0,0,2016-05-21
1940,1941,574.0,1,6,4,5,20,4.2185082,0,0,2016-05-22
1941,1942,0.0,0,0,4,5,21,4.2185082,0,0,2016-05-23
1942,1943,0.0,0,1,4,5,21,4.2185082,0,0,2016-05-24
1943,1944,0.0,0,2,4,5,21,4.2185082,0,0,2016-05-25
1944,1945,0.0,0,3,4,5,21,4.2185082,0,0,2016-05-26
1945,1946,0.0,0,4,4,5,21,4.2185082,0,0,2016-05-27
1946,1947,0.0,1,5,4,5,21,4.2188077,0,0,2016-05-28
1947,1948,0.0,1,6,5,5,21,4.2188077,0,0,2016-05-29
1948,1949,0.0,0,0,5,5,22,4.2188077,0,1,2016-05-30
1949,1950,0.0,0,1,5,5,22,4.2188077,0,0,2016-05-31
1950,1951,0.0,0,2,1,6,22,4.2188077,2,0,2016-06-01
1951,1952,0.0,0,3,1,6,22,4.2188077,2,1,2016-06-02
1952,1953,0.0,0,4,1,6,22,4.2188077,3,0,2016-06-03
1953,1954,0.0,1,5,1,6,22,4.2237935,1,0,2016-06-04
1954,1955,0.0,1,6,1,6,22,4.2237935,3,0,2016-06-05
1955,1956,0.0,0,0,1,6,23,4.2237935,3,0,2016-06-06
1956,1957,0.0,0,1,1,6,23,4.2237935,2,1,2016-06-07
1957,1958,0.0,0,2,2,6,23,4.2237935,2,0,2016-06-08
1958,1959,0.0,0,3,2,6,23,4.2237935,3,0,2016-06-09
1959,1960,0.0,0,4,2,6,23,4.2237935,1,0,2016-06-10
1960,1961,0.0,1,5,2,6,23,4.2237935,2,0,2016-06-11
1961,1962,0.0,1,6,2,6,23,4.2237935,2,0,2016-06-12
1962,1963,0.0,0,0,2,6,24,4.2237935,1,0,2016-06-13
1963,1964,0.0,0,1,2,6,24,4.2237935,1,0,2016-06-14
1964,1965,0.0,0,2,3,6,24,4.2237935,2,0,2016-06-15
1965,1966,0.0,0,3,3,6,24,4.2237935,0,0,2016-06-16
1966,1967,0.0,0,4,3,6,24,4.2237935,0,0,2016-06-17
1967,1968,0.0,1,5,3,6,24,4.2294073,0,0,2016-06-18
1968,1969,0.0,1,6,3,6,24,4.2294073,0,2,2016-06-19
